2024-12-11 15:17:15 | conftest.py | destroy_f | line:12 | INFO | 初始化完成
2024-12-11 15:17:15 | allure_init.py | allure_init | line:14 | INFO | 1登录登录成功
2024-12-11 15:17:15 | test_runner.py | test_zyy | line:35 | INFO | {'method': 'get', 'url': 'http://192.168.10.131:8888/api/private/v1/login', 'params': None, 'data': {'username': 'admin', 'password': '123456'}, 'files': None, 'headers': None}
2024-12-11 15:17:15 | test_runner.py | test_zyy | line:39 | INFO | 返回的json是{'data': {'id': 500, 'rid': 0, 'username': 'admin', 'mobile': '12345678', 'email': 'adsfad@qq.com', 'token': 'Bearer eyJhbGciOiJIUzI1NiIsInR5cCI6IkpXVCJ9.eyJ1aWQiOjUwMCwicmlkIjowLCJpYXQiOjE3MzM5MDE0MzYsImV4cCI6MTczMzk4NzgzNn0.KGXimKpstysDzKdZo6hmOo5tu1etIowC_V6E4YqXd3o'}, 'meta': {'msg': '登录成功', 'status': 200}}
2024-12-11 15:17:15 | assert_utils.py | jdbc_assert | line:20 | INFO | select mg_name from sp_manager where mg_name='admin'
2024-12-11 15:17:15 | allure_init.py | allure_init | line:14 | INFO | 9上传图片上传
2024-12-11 15:17:15 | test_runner.py | test_zyy | line:35 | INFO | {'method': 'post', 'url': 'http://192.168.10.131:8888/api/private/v1/upload', 'params': None, 'data': None, 'files': {'file': ('123.jpg', <_io.BufferedReader name='./data/123.jpg'>, 'jpg')}, 'headers': {'Authorization': 'Bearer eyJhbGciOiJIUzI1NiIsInR5cCI6IkpXVCJ9.eyJ1aWQiOjUwMCwicmlkIjowLCJpYXQiOjE3MzM5MDE0MzYsImV4cCI6MTczMzk4NzgzNn0.KGXimKpstysDzKdZo6hmOo5tu1etIowC_V6E4YqXd3o'}}
2024-12-11 15:17:15 | test_runner.py | test_zyy | line:39 | INFO | 返回的json是{'data': {'tmp_path': 'tmp_uploads/7112e817323f685dfa3c5b2ab3f8c0f1.jpg', 'url': 'http://127.0.0.1:8888/tmp_uploads/7112e817323f685dfa3c5b2ab3f8c0f1.jpg'}, 'meta': {'msg': '上传成功', 'status': 200}}
2024-12-11 15:17:15 | conftest.py | destroy_f | line:14 | INFO | 销毁测试数据
